// Jest Snapshot v1, https://goo.gl/fbAQLP

exports[`Inline Styles 1`] = `"<html><head><title>test</title><style><composition:styled-components></composition:styled-components></style></head><body><script type=\\"text/javascript\\">if(!((window.Object&&window.Object.assign)&&window.fetch&&Array.prototype.includes&&window.Map&&window.Promise&&window.Set))document.write('<script type=\\"text/javascript\\" src=\\"/dist/polyfills.js\\" defer=\\"\\"><\\\\/script>');</script><script type=\\"text/javascript\\" src=\\"/dist/engine.js\\" defer=\\"\\"></script><script type=\\"text/javascript\\" src=\\"/dist/combinations/default.js\\" defer=\\"\\"></script><div id=\\"composition-app\\"><div data-type=\\"div\\" data-id=\\"abc\\"><div data-error-component=\\"fail\\" data-error-id=\\"def\\" data-error-message=\\"component render failed\\" style=\\"display:none\\"></div><div data-type=\\"div\\" data-id=\\"xyz\\"></div></div></div><script type=\\"text/javascript\\">window.Composition=window.Composition||{};Composition.cache={};Composition.id=\\"composition-app\\";Composition.method=\\"render\\";Composition.singlePage=true;Composition.template=\\"test\\";Composition.tree={\\"type\\":\\"div\\",\\"id\\":\\"abc\\",\\"children\\":[{\\"type\\":\\"fail\\",\\"id\\":\\"def\\",\\"children\\":[{\\"type\\":\\"div\\",\\"id\\":\\"ghi\\"}]},{\\"type\\":\\"div\\",\\"id\\":\\"xyz\\"}]}</script></body></html>"`;

exports[`Root Component 1`] = `"<html><head><meta charSet=\\"UTF-8\\"/><meta name=\\"viewport\\" content=\\"width=device-width\\"/><title>test title</title><link id=\\"composition-format-styles\\" href=\\"/dist/site.css\\" rel=\\"stylesheet\\" type=\\"text/css\\"/><link id=\\"composition-app-styles\\" href=\\"/dist/app.css\\" rel=\\"stylesheet\\" type=\\"text/css\\"/><style><composition:styled-components></composition:styled-components></style></head><body><script type=\\"text/javascript\\">if(!((window.Object&&window.Object.assign)&&window.fetch&&Array.prototype.includes&&window.Map&&window.Promise&&window.Set))document.write('<script type=\\"text/javascript\\" src=\\"/dist/polyfills.js\\" defer=\\"\\"><\\\\/script>');</script><script type=\\"text/javascript\\" src=\\"/dist/engine.js\\" defer=\\"\\"></script><script type=\\"text/javascript\\" src=\\"/dist/combinations/default.js\\" defer=\\"\\"></script><div id=\\"composition-app\\"><div data-type=\\"div\\" data-id=\\"abc\\"><div data-error-component=\\"fail\\" data-error-id=\\"def\\" data-error-message=\\"component render failed\\" style=\\"display:none\\"></div><div data-type=\\"div\\" data-id=\\"xyz\\"></div></div></div><script type=\\"text/javascript\\">window.Composition=window.Composition||{};Composition.cache={};Composition.id=\\"composition-app\\";Composition.method=\\"render\\";Composition.singlePage=true;Composition.template=\\"test\\";Composition.tree={\\"type\\":\\"div\\",\\"id\\":\\"abc\\",\\"children\\":[{\\"type\\":\\"fail\\",\\"id\\":\\"def\\",\\"children\\":[{\\"type\\":\\"div\\",\\"id\\":\\"ghi\\"}]},{\\"type\\":\\"div\\",\\"id\\":\\"xyz\\"}]}</script></body></html>"`;
